src/components/chat-assistant.tsx(1,8): error TS6133: 'React' is declared but its value is never read.
src/components/chat-assistant.tsx(2,34): error TS6133: 'Minus' is declared but its value is never read.
